../Core/Src/IIC_OLED.c:94:13:OLED_Delay	16	static
../Core/Src/IIC_OLED.c:106:13:IIC_Start	8	static
../Core/Src/IIC_OLED.c:123:13:IIC_Stop	8	static
../Core/Src/IIC_OLED.c:138:13:IIC_SendByte	24	static
../Core/Src/IIC_OLED.c:162:16:IIC_WaitAck	16	static
../Core/Src/IIC_OLED.c:187:16:OLED_Check	16	static
../Core/Src/IIC_OLED.c:206:16:OLED_SendCmd	16	static
../Core/Src/IIC_OLED.c:228:16:OLED_SendData	16	static
../Core/Src/IIC_OLED.c:252:13:OLED_SetPgaeAddress	8	static
../Core/Src/IIC_OLED.c:265:13:OLED_SetPos	16	static
../Core/Src/IIC_OLED.c:279:13:OLED_SetHoriAddress	8	static
../Core/Src/IIC_OLED.c:290:13:OLED_SetVertAddress	8	static
../Core/Src/IIC_OLED.c:305:13:OLED_SetLineAndColu	24	static
../Core/Src/IIC_OLED.c:315:9:OLED_Init	8	static
../Core/Src/IIC_OLED.c:352:6:OLED_SetBright	16	static
../Core/Src/IIC_OLED.c:363:6:OELD_StartShow	8	static
../Core/Src/IIC_OLED.c:373:6:OLED_StopShow	8	static
../Core/Src/IIC_OLED.c:384:6:OLED_ShowALL	16	static
../Core/Src/IIC_OLED.c:395:6:OLED_RollBack	8	static
../Core/Src/IIC_OLED.c:415:6:OLED_HoriChange	8	static
../Core/Src/IIC_OLED.c:435:6:OLED_VertChange	8	static
../Core/Src/IIC_OLED.c:454:6:OLED_ClearAll	16	static
../Core/Src/IIC_OLED.c:473:6:OLED_Clear	32	static
../Core/Src/IIC_OLED.c:491:6:OLED_ClearLine	24	static
../Core/Src/IIC_OLED.c:502:6:OLED_StopRoll	8	static
../Core/Src/IIC_OLED.c:516:6:OLED_StartHoriRoll	24	static
../Core/Src/IIC_OLED.c:540:6:OLED_StartHoriAndVertRoll	24	static
../Core/Src/IIC_OLED.c:560:6:OLED_SetVertRollPage	16	static
../Core/Src/IIC_OLED.c:580:6:OLED_ShowChar	32	static
../Core/Src/IIC_OLED.c:616:6:OLED_ShowString	40	static
../Core/Src/IIC_OLED.c:643:6:OLED_Printf	40	static
../Core/Src/IIC_OLED.c:667:6:OLED_ShowChinese	32	static
../Core/Src/IIC_OLED.c:691:6:OLED_ShowBmp	32	static
../Core/Src/IIC_OLED.c:706:9:OLED_Test	32	static
