../Core/Src/main.c:177:1:__io_putchar	16	static
../Core/Src/main.c:330:6:page_init	4	static
../Core/Src/main.c:337:6:page_back	8	static
../Core/Src/main.c:343:6:show_page	16	static
../Core/Src/main.c:392:6:HAL_UART_RxCpltCallback	2088	static
../Core/Src/main.c:420:6:HAL_TIM_PeriodElapsedCallback	16	static
../Core/Src/main.c:433:6:show_set_id	112	static
../Core/Src/main.c:473:6:print_setting_time	32	static
../Core/Src/main.c:486:6:show_set_time	136	static
../Core/Src/main.c:527:6:show_time	48	static
../Core/Src/main.c:531:6:show_date	72	static
../Core/Src/main.c:545:6:show_title_time	16	static
../Core/Src/main.c:553:6:set_time	16	static
../Core/Src/main.c:561:6:reshow_time	8	static
../Core/Src/main.c:569:6:calibrate_time	8	static
../Core/Src/main.c:579:6:udp_init	8	static
../Core/Src/main.c:588:6:register_ID	8	static
../Core/Src/main.c:598:6:show_homeScreen	56	static
../Core/Src/main.c:630:6:send_msg	40	static
../Core/Src/main.c:637:6:init_msg_editor	8	static
../Core/Src/main.c:651:6:show_cursor	24	static
../Core/Src/main.c:659:6:show_msg_editor	24	static
../Core/Src/main.c:694:6:type	16	static
../Core/Src/main.c:718:6:show_msg_sender	96	static
../Core/Src/main.c:799:6:get_msg_inbox	16	static
../Core/Src/main.c:808:6:get_msg_outbox	16	static
../Core/Src/main.c:817:6:show_msg	48	static
../Core/Src/main.c:831:6:show_msg_box	104	static
../Core/Src/main.c:887:6:show_menu	40	static
../Core/Src/main.c:907:6:show_cal_time	16	static
../Core/Src/main.c:923:6:menu_up	8	static
../Core/Src/main.c:930:6:menu_down	8	static
../Core/Src/main.c:941:6:_set_time	32	static
../Core/Src/main.c:956:6:play_ringtone	96	static
../Core/Src/main.c:964:6:_recv_msg	16	static
../Core/Src/main.c:985:6:_show_msg_box	8	static
../Core/Src/main.c:992:6:call_back	16	static
../Core/Src/main.c:1012:5:main	96	static
../Core/Src/main.c:1114:6:SystemClock_Config	96	static
../Core/Src/main.c:1166:13:MX_DAC1_Init	48	static
../Core/Src/main.c:1209:13:MX_RTC_Init	32	static
../Core/Src/main.c:1273:13:MX_TIM2_Init	48	static
../Core/Src/main.c:1322:13:MX_TIM6_Init	24	static
../Core/Src/main.c:1360:13:MX_TIM7_Init	24	static
../Core/Src/main.c:1398:13:MX_USART1_UART_Init	8	static
../Core/Src/main.c:1433:13:MX_GPIO_Init	40	static
../Core/Src/main.c:1489:6:Error_Handler	4	static,ignoring_inline_asm
